[i] Test di connessione al database...
[publisher-api] Listening on http://127.0.0.1:9998
Connessione al database NON riuscita, ritento la connessione...
[i] Test di connessione al database...
Connessione al database NON riuscita, ritento la connessione...
[publisher-api] Listening on http://127.0.0.1:9998
[i] Test di connessione al database...
[publisher-api] Listening on http://127.0.0.1:9998
Connessione al database NON riuscita, ritento la connessione...
[i] Test di connessione al database...
[i] Connessione al database stabilita.
[i] Gruppo di lavoro "Raffa21's Team" definito
[publisher-api] Listening on http://127.0.0.1:9998
Publisher say: Bot per la verifica del numero di telefono ha eseguito il login.
Publisher INFO: login success for Raffa21's Team / incontriamoci
Publisher INFO: login success for Raffa21's Team / bakecaincontrii
Publisher WARNING: refresh2 failed for raffaelesorrentino74@yahoo.it: Credit page redirected to login. Cookies are missing or expired.
Publisher WARNING: refresh2 failed for raffaelesorrentino74@yahoo.it: Credit page redirected to login. Cookies are missing or expired.
Publisher WARNING: refresh2 failed for raffaelesorrentino74@yahoo.it: Credit page redirected to login. Cookies are missing or expired.
Publisher WARNING: refresh2 failed for raffaelesorrentino74@yahoo.it: Credit page redirected to login. Cookies are missing or expired.
Publisher WARNING: refresh2 failed for raffaelesorrentino74@yahoo.it: Credit page redirected to login. Cookies are missing or expired.
